// Jest Snapshot v1, https://goo.gl/fbAQLP

exports[`Talks component must render properly 1`] = `
ShallowWrapper {
  "length": 1,
  Symbol(enzyme.__root__): [Circular],
  Symbol(enzyme.__unrendered__): <Talks
    numTalks={5}
  />,
  Symbol(enzyme.__renderer__): Object {
    "batchedUpdates": [Function],
    "getNode": [Function],
    "render": [Function],
    "simulateEvent": [Function],
    "unmount": [Function],
  },
  Symbol(enzyme.__node__): Object {
    "instance": null,
    "key": undefined,
    "nodeType": "class",
    "props": Object {
      "children": Array [
        <ResponsiveSquare
          minWidth="80px"
          style={Object {}}
          width="15%"
        >
          <styled.div>
            <MediaQuery
              minWidth={768}
              values={Object {}}
            >
              <styled.h1>
                5
              </styled.h1>
              <styled.h2>
                Talks
              </styled.h2>
            </MediaQuery>
            <MediaQuery
              maxWidth={768}
              values={Object {}}
            >
              <styled.h2>
                5
              </styled.h2>
              <styled.span>
                Talks
              </styled.span>
            </MediaQuery>
          </styled.div>
        </ResponsiveSquare>,
        <styled.div>
          <MediaQuery
            minWidth={768}
            values={Object {}}
          >
            <styled.div>
              <styled.h3>
                5min {"Express talks"}
              </styled.h3>
            </styled.div>
            <styled.div>
              <styled.h3>
                20min {"Standard talks"}
              </styled.h3>
            </styled.div>
          </MediaQuery>
          <MediaQuery
            maxWidth={768}
            values={Object {}}
          >
            <styled.div>
              <styled.p>
                5min {"Express talks"}
              </styled.p>
            </styled.div>
            <styled.div>
              <styled.p>
                20min {"Standard talks"}
              </styled.p>
            </styled.div>
          </MediaQuery>
        </styled.div>,
      ],
    },
    "ref": null,
    "rendered": Array [
      Object {
        "instance": null,
        "key": undefined,
        "nodeType": "function",
        "props": Object {
          "children": <styled.div>
            <MediaQuery
              minWidth={768}
              values={Object {}}
            >
              <styled.h1>
                5
              </styled.h1>
              <styled.h2>
                Talks
              </styled.h2>
            </MediaQuery>
            <MediaQuery
              maxWidth={768}
              values={Object {}}
            >
              <styled.h2>
                5
              </styled.h2>
              <styled.span>
                Talks
              </styled.span>
            </MediaQuery>
          </styled.div>,
          "minWidth": "80px",
          "style": Object {},
          "width": "15%",
        },
        "ref": null,
        "rendered": Object {
          "instance": null,
          "key": undefined,
          "nodeType": "class",
          "props": Object {
            "children": Array [
              <MediaQuery
                minWidth={768}
                values={Object {}}
              >
                <styled.h1>
                  5
                </styled.h1>
                <styled.h2>
                  Talks
                </styled.h2>
              </MediaQuery>,
              <MediaQuery
                maxWidth={768}
                values={Object {}}
              >
                <styled.h2>
                  5
                </styled.h2>
                <styled.span>
                  Talks
                </styled.span>
              </MediaQuery>,
            ],
          },
          "ref": null,
          "rendered": Array [
            Object {
              "instance": null,
              "key": undefined,
              "nodeType": "class",
              "props": Object {
                "children": Array [
                  <styled.h1>
                    5
                  </styled.h1>,
                  <styled.h2>
                    Talks
                  </styled.h2>,
                ],
                "minWidth": 768,
                "values": Object {},
              },
              "ref": null,
              "rendered": Array [
                Object {
                  "instance": null,
                  "key": undefined,
                  "nodeType": "class",
                  "props": Object {
                    "children": 5,
                  },
                  "ref": null,
                  "rendered": 5,
                  "type": [Function],
                },
                Object {
                  "instance": null,
                  "key": undefined,
                  "nodeType": "class",
                  "props": Object {
                    "children": "Talks",
                  },
                  "ref": null,
                  "rendered": "Talks",
                  "type": [Function],
                },
              ],
              "type": [Function],
            },
            Object {
              "instance": null,
              "key": undefined,
              "nodeType": "class",
              "props": Object {
                "children": Array [
                  <styled.h2>
                    5
                  </styled.h2>,
                  <styled.span>
                    Talks
                  </styled.span>,
                ],
                "maxWidth": 768,
                "values": Object {},
              },
              "ref": null,
              "rendered": Array [
                Object {
                  "instance": null,
                  "key": undefined,
                  "nodeType": "class",
                  "props": Object {
                    "children": 5,
                  },
                  "ref": null,
                  "rendered": 5,
                  "type": [Function],
                },
                Object {
                  "instance": null,
                  "key": undefined,
                  "nodeType": "class",
                  "props": Object {
                    "children": "Talks",
                  },
                  "ref": null,
                  "rendered": "Talks",
                  "type": [Function],
                },
              ],
              "type": [Function],
            },
          ],
          "type": [Function],
        },
        "type": [Function],
      },
      Object {
        "instance": null,
        "key": undefined,
        "nodeType": "class",
        "props": Object {
          "children": Array [
            <MediaQuery
              minWidth={768}
              values={Object {}}
            >
              <styled.div>
                <styled.h3>
                  5min {"Express talks"}
                </styled.h3>
              </styled.div>
              <styled.div>
                <styled.h3>
                  20min {"Standard talks"}
                </styled.h3>
              </styled.div>
            </MediaQuery>,
            <MediaQuery
              maxWidth={768}
              values={Object {}}
            >
              <styled.div>
                <styled.p>
                  5min {"Express talks"}
                </styled.p>
              </styled.div>
              <styled.div>
                <styled.p>
                  20min {"Standard talks"}
                </styled.p>
              </styled.div>
            </MediaQuery>,
          ],
        },
        "ref": null,
        "rendered": Array [
          Object {
            "instance": null,
            "key": undefined,
            "nodeType": "class",
            "props": Object {
              "children": Array [
                <styled.div>
                  <styled.h3>
                    5min {"Express talks"}
                  </styled.h3>
                </styled.div>,
                <styled.div>
                  <styled.h3>
                    20min {"Standard talks"}
                  </styled.h3>
                </styled.div>,
              ],
              "minWidth": 768,
              "values": Object {},
            },
            "ref": null,
            "rendered": Array [
              Object {
                "instance": null,
                "key": undefined,
                "nodeType": "class",
                "props": Object {
                  "children": <styled.h3>
                    5min {"Express talks"}
                  </styled.h3>,
                },
                "ref": null,
                "rendered": Object {
                  "instance": null,
                  "key": undefined,
                  "nodeType": "class",
                  "props": Object {
                    "children": "5min {\\"Express talks\\"}",
                  },
                  "ref": null,
                  "rendered": "5min {\\"Express talks\\"}",
                  "type": [Function],
                },
                "type": [Function],
              },
              Object {
                "instance": null,
                "key": undefined,
                "nodeType": "class",
                "props": Object {
                  "children": <styled.h3>
                    20min {"Standard talks"}
                  </styled.h3>,
                },
                "ref": null,
                "rendered": Object {
                  "instance": null,
                  "key": undefined,
                  "nodeType": "class",
                  "props": Object {
                    "children": "20min {\\"Standard talks\\"}",
                  },
                  "ref": null,
                  "rendered": "20min {\\"Standard talks\\"}",
                  "type": [Function],
                },
                "type": [Function],
              },
            ],
            "type": [Function],
          },
          Object {
            "instance": null,
            "key": undefined,
            "nodeType": "class",
            "props": Object {
              "children": Array [
                <styled.div>
                  <styled.p>
                    5min {"Express talks"}
                  </styled.p>
                </styled.div>,
                <styled.div>
                  <styled.p>
                    20min {"Standard talks"}
                  </styled.p>
                </styled.div>,
              ],
              "maxWidth": 768,
              "values": Object {},
            },
            "ref": null,
            "rendered": Array [
              Object {
                "instance": null,
                "key": undefined,
                "nodeType": "class",
                "props": Object {
                  "children": <styled.p>
                    5min {"Express talks"}
                  </styled.p>,
                },
                "ref": null,
                "rendered": Object {
                  "instance": null,
                  "key": undefined,
                  "nodeType": "class",
                  "props": Object {
                    "children": "5min {\\"Express talks\\"}",
                  },
                  "ref": null,
                  "rendered": "5min {\\"Express talks\\"}",
                  "type": [Function],
                },
                "type": [Function],
              },
              Object {
                "instance": null,
                "key": undefined,
                "nodeType": "class",
                "props": Object {
                  "children": <styled.p>
                    20min {"Standard talks"}
                  </styled.p>,
                },
                "ref": null,
                "rendered": Object {
                  "instance": null,
                  "key": undefined,
                  "nodeType": "class",
                  "props": Object {
                    "children": "20min {\\"Standard talks\\"}",
                  },
                  "ref": null,
                  "rendered": "20min {\\"Standard talks\\"}",
                  "type": [Function],
                },
                "type": [Function],
              },
            ],
            "type": [Function],
          },
        ],
        "type": [Function],
      },
    ],
    "type": [Function],
  },
  Symbol(enzyme.__nodes__): Array [
    Object {
      "instance": null,
      "key": undefined,
      "nodeType": "class",
      "props": Object {
        "children": Array [
          <ResponsiveSquare
            minWidth="80px"
            style={Object {}}
            width="15%"
          >
            <styled.div>
              <MediaQuery
                minWidth={768}
                values={Object {}}
              >
                <styled.h1>
                  5
                </styled.h1>
                <styled.h2>
                  Talks
                </styled.h2>
              </MediaQuery>
              <MediaQuery
                maxWidth={768}
                values={Object {}}
              >
                <styled.h2>
                  5
                </styled.h2>
                <styled.span>
                  Talks
                </styled.span>
              </MediaQuery>
            </styled.div>
          </ResponsiveSquare>,
          <styled.div>
            <MediaQuery
              minWidth={768}
              values={Object {}}
            >
              <styled.div>
                <styled.h3>
                  5min {"Express talks"}
                </styled.h3>
              </styled.div>
              <styled.div>
                <styled.h3>
                  20min {"Standard talks"}
                </styled.h3>
              </styled.div>
            </MediaQuery>
            <MediaQuery
              maxWidth={768}
              values={Object {}}
            >
              <styled.div>
                <styled.p>
                  5min {"Express talks"}
                </styled.p>
              </styled.div>
              <styled.div>
                <styled.p>
                  20min {"Standard talks"}
                </styled.p>
              </styled.div>
            </MediaQuery>
          </styled.div>,
        ],
      },
      "ref": null,
      "rendered": Array [
        Object {
          "instance": null,
          "key": undefined,
          "nodeType": "function",
          "props": Object {
            "children": <styled.div>
              <MediaQuery
                minWidth={768}
                values={Object {}}
              >
                <styled.h1>
                  5
                </styled.h1>
                <styled.h2>
                  Talks
                </styled.h2>
              </MediaQuery>
              <MediaQuery
                maxWidth={768}
                values={Object {}}
              >
                <styled.h2>
                  5
                </styled.h2>
                <styled.span>
                  Talks
                </styled.span>
              </MediaQuery>
            </styled.div>,
            "minWidth": "80px",
            "style": Object {},
            "width": "15%",
          },
          "ref": null,
          "rendered": Object {
            "instance": null,
            "key": undefined,
            "nodeType": "class",
            "props": Object {
              "children": Array [
                <MediaQuery
                  minWidth={768}
                  values={Object {}}
                >
                  <styled.h1>
                    5
                  </styled.h1>
                  <styled.h2>
                    Talks
                  </styled.h2>
                </MediaQuery>,
                <MediaQuery
                  maxWidth={768}
                  values={Object {}}
                >
                  <styled.h2>
                    5
                  </styled.h2>
                  <styled.span>
                    Talks
                  </styled.span>
                </MediaQuery>,
              ],
            },
            "ref": null,
            "rendered": Array [
              Object {
                "instance": null,
                "key": undefined,
                "nodeType": "class",
                "props": Object {
                  "children": Array [
                    <styled.h1>
                      5
                    </styled.h1>,
                    <styled.h2>
                      Talks
                    </styled.h2>,
                  ],
                  "minWidth": 768,
                  "values": Object {},
                },
                "ref": null,
                "rendered": Array [
                  Object {
                    "instance": null,
                    "key": undefined,
                    "nodeType": "class",
                    "props": Object {
                      "children": 5,
                    },
                    "ref": null,
                    "rendered": 5,
                    "type": [Function],
                  },
                  Object {
                    "instance": null,
                    "key": undefined,
                    "nodeType": "class",
                    "props": Object {
                      "children": "Talks",
                    },
                    "ref": null,
                    "rendered": "Talks",
                    "type": [Function],
                  },
                ],
                "type": [Function],
              },
              Object {
                "instance": null,
                "key": undefined,
                "nodeType": "class",
                "props": Object {
                  "children": Array [
                    <styled.h2>
                      5
                    </styled.h2>,
                    <styled.span>
                      Talks
                    </styled.span>,
                  ],
                  "maxWidth": 768,
                  "values": Object {},
                },
                "ref": null,
                "rendered": Array [
                  Object {
                    "instance": null,
                    "key": undefined,
                    "nodeType": "class",
                    "props": Object {
                      "children": 5,
                    },
                    "ref": null,
                    "rendered": 5,
                    "type": [Function],
                  },
                  Object {
                    "instance": null,
                    "key": undefined,
                    "nodeType": "class",
                    "props": Object {
                      "children": "Talks",
                    },
                    "ref": null,
                    "rendered": "Talks",
                    "type": [Function],
                  },
                ],
                "type": [Function],
              },
            ],
            "type": [Function],
          },
          "type": [Function],
        },
        Object {
          "instance": null,
          "key": undefined,
          "nodeType": "class",
          "props": Object {
            "children": Array [
              <MediaQuery
                minWidth={768}
                values={Object {}}
              >
                <styled.div>
                  <styled.h3>
                    5min {"Express talks"}
                  </styled.h3>
                </styled.div>
                <styled.div>
                  <styled.h3>
                    20min {"Standard talks"}
                  </styled.h3>
                </styled.div>
              </MediaQuery>,
              <MediaQuery
                maxWidth={768}
                values={Object {}}
              >
                <styled.div>
                  <styled.p>
                    5min {"Express talks"}
                  </styled.p>
                </styled.div>
                <styled.div>
                  <styled.p>
                    20min {"Standard talks"}
                  </styled.p>
                </styled.div>
              </MediaQuery>,
            ],
          },
          "ref": null,
          "rendered": Array [
            Object {
              "instance": null,
              "key": undefined,
              "nodeType": "class",
              "props": Object {
                "children": Array [
                  <styled.div>
                    <styled.h3>
                      5min {"Express talks"}
                    </styled.h3>
                  </styled.div>,
                  <styled.div>
                    <styled.h3>
                      20min {"Standard talks"}
                    </styled.h3>
                  </styled.div>,
                ],
                "minWidth": 768,
                "values": Object {},
              },
              "ref": null,
              "rendered": Array [
                Object {
                  "instance": null,
                  "key": undefined,
                  "nodeType": "class",
                  "props": Object {
                    "children": <styled.h3>
                      5min {"Express talks"}
                    </styled.h3>,
                  },
                  "ref": null,
                  "rendered": Object {
                    "instance": null,
                    "key": undefined,
                    "nodeType": "class",
                    "props": Object {
                      "children": "5min {\\"Express talks\\"}",
                    },
                    "ref": null,
                    "rendered": "5min {\\"Express talks\\"}",
                    "type": [Function],
                  },
                  "type": [Function],
                },
                Object {
                  "instance": null,
                  "key": undefined,
                  "nodeType": "class",
                  "props": Object {
                    "children": <styled.h3>
                      20min {"Standard talks"}
                    </styled.h3>,
                  },
                  "ref": null,
                  "rendered": Object {
                    "instance": null,
                    "key": undefined,
                    "nodeType": "class",
                    "props": Object {
                      "children": "20min {\\"Standard talks\\"}",
                    },
                    "ref": null,
                    "rendered": "20min {\\"Standard talks\\"}",
                    "type": [Function],
                  },
                  "type": [Function],
                },
              ],
              "type": [Function],
            },
            Object {
              "instance": null,
              "key": undefined,
              "nodeType": "class",
              "props": Object {
                "children": Array [
                  <styled.div>
                    <styled.p>
                      5min {"Express talks"}
                    </styled.p>
                  </styled.div>,
                  <styled.div>
                    <styled.p>
                      20min {"Standard talks"}
                    </styled.p>
                  </styled.div>,
                ],
                "maxWidth": 768,
                "values": Object {},
              },
              "ref": null,
              "rendered": Array [
                Object {
                  "instance": null,
                  "key": undefined,
                  "nodeType": "class",
                  "props": Object {
                    "children": <styled.p>
                      5min {"Express talks"}
                    </styled.p>,
                  },
                  "ref": null,
                  "rendered": Object {
                    "instance": null,
                    "key": undefined,
                    "nodeType": "class",
                    "props": Object {
                      "children": "5min {\\"Express talks\\"}",
                    },
                    "ref": null,
                    "rendered": "5min {\\"Express talks\\"}",
                    "type": [Function],
                  },
                  "type": [Function],
                },
                Object {
                  "instance": null,
                  "key": undefined,
                  "nodeType": "class",
                  "props": Object {
                    "children": <styled.p>
                      20min {"Standard talks"}
                    </styled.p>,
                  },
                  "ref": null,
                  "rendered": Object {
                    "instance": null,
                    "key": undefined,
                    "nodeType": "class",
                    "props": Object {
                      "children": "20min {\\"Standard talks\\"}",
                    },
                    "ref": null,
                    "rendered": "20min {\\"Standard talks\\"}",
                    "type": [Function],
                  },
                  "type": [Function],
                },
              ],
              "type": [Function],
            },
          ],
          "type": [Function],
        },
      ],
      "type": [Function],
    },
  ],
  Symbol(enzyme.__options__): Object {
    "adapter": ReactSixteenAdapter {
      "options": Object {
        "enableComponentDidUpdateOnSetState": true,
      },
    },
  },
}
`;
