// Jest Snapshot v1, https://goo.gl/fbAQLP

exports[`Header component must render properly 1`] = `
ShallowWrapper {
  "length": 1,
  Symbol(enzyme.__root__): [Circular],
  Symbol(enzyme.__unrendered__): <Header
    date="29 Dec"
    logo="logo path"
    title="Web Madeira"
  />,
  Symbol(enzyme.__renderer__): Object {
    "batchedUpdates": [Function],
    "getNode": [Function],
    "render": [Function],
    "simulateEvent": [Function],
    "unmount": [Function],
  },
  Symbol(enzyme.__node__): Object {
    "instance": null,
    "key": undefined,
    "nodeType": "class",
    "props": Object {
      "children": Array [
        <styled.div>
          <styled.img
            alt="Web Madeira Logo"
            src="logo path"
          />
        </styled.div>,
        <Styled(styled.h2)>
          Web Madeira
        </Styled(styled.h2)>,
        <Styled(styled.h4)>
          29 Dec
        </Styled(styled.h4)>,
      ],
    },
    "ref": null,
    "rendered": Array [
      Object {
        "instance": null,
        "key": undefined,
        "nodeType": "class",
        "props": Object {
          "children": <styled.img
            alt="Web Madeira Logo"
            src="logo path"
          />,
        },
        "ref": null,
        "rendered": Object {
          "instance": null,
          "key": undefined,
          "nodeType": "class",
          "props": Object {
            "alt": "Web Madeira Logo",
            "src": "logo path",
          },
          "ref": null,
          "rendered": null,
          "type": [Function],
        },
        "type": [Function],
      },
      Object {
        "instance": null,
        "key": undefined,
        "nodeType": "class",
        "props": Object {
          "children": "Web Madeira",
        },
        "ref": null,
        "rendered": "Web Madeira",
        "type": [Function],
      },
      Object {
        "instance": null,
        "key": undefined,
        "nodeType": "class",
        "props": Object {
          "children": "29 Dec",
        },
        "ref": null,
        "rendered": "29 Dec",
        "type": [Function],
      },
    ],
    "type": [Function],
  },
  Symbol(enzyme.__nodes__): Array [
    Object {
      "instance": null,
      "key": undefined,
      "nodeType": "class",
      "props": Object {
        "children": Array [
          <styled.div>
            <styled.img
              alt="Web Madeira Logo"
              src="logo path"
            />
          </styled.div>,
          <Styled(styled.h2)>
            Web Madeira
          </Styled(styled.h2)>,
          <Styled(styled.h4)>
            29 Dec
          </Styled(styled.h4)>,
        ],
      },
      "ref": null,
      "rendered": Array [
        Object {
          "instance": null,
          "key": undefined,
          "nodeType": "class",
          "props": Object {
            "children": <styled.img
              alt="Web Madeira Logo"
              src="logo path"
            />,
          },
          "ref": null,
          "rendered": Object {
            "instance": null,
            "key": undefined,
            "nodeType": "class",
            "props": Object {
              "alt": "Web Madeira Logo",
              "src": "logo path",
            },
            "ref": null,
            "rendered": null,
            "type": [Function],
          },
          "type": [Function],
        },
        Object {
          "instance": null,
          "key": undefined,
          "nodeType": "class",
          "props": Object {
            "children": "Web Madeira",
          },
          "ref": null,
          "rendered": "Web Madeira",
          "type": [Function],
        },
        Object {
          "instance": null,
          "key": undefined,
          "nodeType": "class",
          "props": Object {
            "children": "29 Dec",
          },
          "ref": null,
          "rendered": "29 Dec",
          "type": [Function],
        },
      ],
      "type": [Function],
    },
  ],
  Symbol(enzyme.__options__): Object {
    "adapter": ReactSixteenAdapter {
      "options": Object {
        "enableComponentDidUpdateOnSetState": true,
      },
    },
  },
}
`;
