// Jest Snapshot v1, https://goo.gl/fbAQLP

exports[`ThankYou component must render properly 1`] = `
ShallowWrapper {
  "length": 1,
  Symbol(enzyme.__root__): [Circular],
  Symbol(enzyme.__unrendered__): <ThankYou
    sponsors={
      Array [
        Object {
          "id": 0,
          "link": "",
          "logo": "",
          "name": "",
        },
      ]
    }
    thankYouText=""
  />,
  Symbol(enzyme.__renderer__): Object {
    "batchedUpdates": [Function],
    "getNode": [Function],
    "render": [Function],
    "simulateEvent": [Function],
    "unmount": [Function],
  },
  Symbol(enzyme.__node__): Object {
    "instance": null,
    "key": undefined,
    "nodeType": "class",
    "props": Object {
      "children": <styled.section>
        <Styled(styled.h2)>
          { "Thank you" }
        </Styled(styled.h2)>
        <Styled(styled.p)
          dangerouslySetInnerHTML={
            Object {
              "__html": "",
            }
          }
        />
        <Sponsors
          sponsors={
            Array [
              Object {
                "id": 0,
                "link": "",
                "logo": "",
                "name": "",
              },
            ]
          }
        />
      </styled.section>,
    },
    "ref": null,
    "rendered": Object {
      "instance": null,
      "key": undefined,
      "nodeType": "class",
      "props": Object {
        "children": Array [
          <Styled(styled.h2)>
            { "Thank you" }
          </Styled(styled.h2)>,
          <Styled(styled.p)
            dangerouslySetInnerHTML={
              Object {
                "__html": "",
              }
            }
          />,
          <Sponsors
            sponsors={
              Array [
                Object {
                  "id": 0,
                  "link": "",
                  "logo": "",
                  "name": "",
                },
              ]
            }
          />,
        ],
      },
      "ref": null,
      "rendered": Array [
        Object {
          "instance": null,
          "key": undefined,
          "nodeType": "class",
          "props": Object {
            "children": "{ \\"Thank you\\" }",
          },
          "ref": null,
          "rendered": "{ \\"Thank you\\" }",
          "type": [Function],
        },
        Object {
          "instance": null,
          "key": undefined,
          "nodeType": "class",
          "props": Object {
            "dangerouslySetInnerHTML": Object {
              "__html": "",
            },
          },
          "ref": null,
          "rendered": null,
          "type": [Function],
        },
        Object {
          "instance": null,
          "key": undefined,
          "nodeType": "function",
          "props": Object {
            "sponsors": Array [
              Object {
                "id": 0,
                "link": "",
                "logo": "",
                "name": "",
              },
            ],
          },
          "ref": null,
          "rendered": null,
          "type": [Function],
        },
      ],
      "type": [Function],
    },
    "type": [Function],
  },
  Symbol(enzyme.__nodes__): Array [
    Object {
      "instance": null,
      "key": undefined,
      "nodeType": "class",
      "props": Object {
        "children": <styled.section>
          <Styled(styled.h2)>
            { "Thank you" }
          </Styled(styled.h2)>
          <Styled(styled.p)
            dangerouslySetInnerHTML={
              Object {
                "__html": "",
              }
            }
          />
          <Sponsors
            sponsors={
              Array [
                Object {
                  "id": 0,
                  "link": "",
                  "logo": "",
                  "name": "",
                },
              ]
            }
          />
        </styled.section>,
      },
      "ref": null,
      "rendered": Object {
        "instance": null,
        "key": undefined,
        "nodeType": "class",
        "props": Object {
          "children": Array [
            <Styled(styled.h2)>
              { "Thank you" }
            </Styled(styled.h2)>,
            <Styled(styled.p)
              dangerouslySetInnerHTML={
                Object {
                  "__html": "",
                }
              }
            />,
            <Sponsors
              sponsors={
                Array [
                  Object {
                    "id": 0,
                    "link": "",
                    "logo": "",
                    "name": "",
                  },
                ]
              }
            />,
          ],
        },
        "ref": null,
        "rendered": Array [
          Object {
            "instance": null,
            "key": undefined,
            "nodeType": "class",
            "props": Object {
              "children": "{ \\"Thank you\\" }",
            },
            "ref": null,
            "rendered": "{ \\"Thank you\\" }",
            "type": [Function],
          },
          Object {
            "instance": null,
            "key": undefined,
            "nodeType": "class",
            "props": Object {
              "dangerouslySetInnerHTML": Object {
                "__html": "",
              },
            },
            "ref": null,
            "rendered": null,
            "type": [Function],
          },
          Object {
            "instance": null,
            "key": undefined,
            "nodeType": "function",
            "props": Object {
              "sponsors": Array [
                Object {
                  "id": 0,
                  "link": "",
                  "logo": "",
                  "name": "",
                },
              ],
            },
            "ref": null,
            "rendered": null,
            "type": [Function],
          },
        ],
        "type": [Function],
      },
      "type": [Function],
    },
  ],
  Symbol(enzyme.__options__): Object {
    "adapter": ReactSixteenAdapter {
      "options": Object {
        "enableComponentDidUpdateOnSetState": true,
      },
    },
  },
}
`;
