// Jest Snapshot v1, https://goo.gl/fbAQLP

exports[`ScheduleEntry component must render properly 1`] = `
ShallowWrapper {
  "length": 1,
  Symbol(enzyme.__root__): [Circular],
  Symbol(enzyme.__unrendered__): <Schedule
    schedule={
      Array [
        Object {
          "id": 0,
          "title": "",
        },
        Object {
          "id": 1,
          "title": "",
        },
        Object {
          "id": 2,
          "title": "",
        },
      ]
    }
  />,
  Symbol(enzyme.__renderer__): Object {
    "batchedUpdates": [Function],
    "getNode": [Function],
    "render": [Function],
    "simulateEvent": [Function],
    "unmount": [Function],
  },
  Symbol(enzyme.__node__): Object {
    "instance": null,
    "key": undefined,
    "nodeType": "class",
    "props": Object {
      "children": Array [
        <Styled(styled.h2)>
          Schedule
        </Styled(styled.h2)>,
        <ul>
          <ScheduleEntry
            entry={
              Object {
                "id": 0,
                "title": "",
              }
            }
          />
          <ScheduleEntry
            entry={
              Object {
                "id": 1,
                "title": "",
              }
            }
          />
          <ScheduleEntry
            entry={
              Object {
                "id": 2,
                "title": "",
              }
            }
          />
        </ul>,
      ],
    },
    "ref": null,
    "rendered": Array [
      Object {
        "instance": null,
        "key": undefined,
        "nodeType": "class",
        "props": Object {
          "children": "Schedule",
        },
        "ref": null,
        "rendered": "Schedule",
        "type": [Function],
      },
      Object {
        "instance": null,
        "key": undefined,
        "nodeType": "host",
        "props": Object {
          "children": Array [
            <ScheduleEntry
              entry={
                Object {
                  "id": 0,
                  "title": "",
                }
              }
            />,
            <ScheduleEntry
              entry={
                Object {
                  "id": 1,
                  "title": "",
                }
              }
            />,
            <ScheduleEntry
              entry={
                Object {
                  "id": 2,
                  "title": "",
                }
              }
            />,
          ],
        },
        "ref": null,
        "rendered": Array [
          Object {
            "instance": null,
            "key": "0",
            "nodeType": "function",
            "props": Object {
              "entry": Object {
                "id": 0,
                "title": "",
              },
            },
            "ref": null,
            "rendered": null,
            "type": [Function],
          },
          Object {
            "instance": null,
            "key": "1",
            "nodeType": "function",
            "props": Object {
              "entry": Object {
                "id": 1,
                "title": "",
              },
            },
            "ref": null,
            "rendered": null,
            "type": [Function],
          },
          Object {
            "instance": null,
            "key": "2",
            "nodeType": "function",
            "props": Object {
              "entry": Object {
                "id": 2,
                "title": "",
              },
            },
            "ref": null,
            "rendered": null,
            "type": [Function],
          },
        ],
        "type": "ul",
      },
    ],
    "type": [Function],
  },
  Symbol(enzyme.__nodes__): Array [
    Object {
      "instance": null,
      "key": undefined,
      "nodeType": "class",
      "props": Object {
        "children": Array [
          <Styled(styled.h2)>
            Schedule
          </Styled(styled.h2)>,
          <ul>
            <ScheduleEntry
              entry={
                Object {
                  "id": 0,
                  "title": "",
                }
              }
            />
            <ScheduleEntry
              entry={
                Object {
                  "id": 1,
                  "title": "",
                }
              }
            />
            <ScheduleEntry
              entry={
                Object {
                  "id": 2,
                  "title": "",
                }
              }
            />
          </ul>,
        ],
      },
      "ref": null,
      "rendered": Array [
        Object {
          "instance": null,
          "key": undefined,
          "nodeType": "class",
          "props": Object {
            "children": "Schedule",
          },
          "ref": null,
          "rendered": "Schedule",
          "type": [Function],
        },
        Object {
          "instance": null,
          "key": undefined,
          "nodeType": "host",
          "props": Object {
            "children": Array [
              <ScheduleEntry
                entry={
                  Object {
                    "id": 0,
                    "title": "",
                  }
                }
              />,
              <ScheduleEntry
                entry={
                  Object {
                    "id": 1,
                    "title": "",
                  }
                }
              />,
              <ScheduleEntry
                entry={
                  Object {
                    "id": 2,
                    "title": "",
                  }
                }
              />,
            ],
          },
          "ref": null,
          "rendered": Array [
            Object {
              "instance": null,
              "key": "0",
              "nodeType": "function",
              "props": Object {
                "entry": Object {
                  "id": 0,
                  "title": "",
                },
              },
              "ref": null,
              "rendered": null,
              "type": [Function],
            },
            Object {
              "instance": null,
              "key": "1",
              "nodeType": "function",
              "props": Object {
                "entry": Object {
                  "id": 1,
                  "title": "",
                },
              },
              "ref": null,
              "rendered": null,
              "type": [Function],
            },
            Object {
              "instance": null,
              "key": "2",
              "nodeType": "function",
              "props": Object {
                "entry": Object {
                  "id": 2,
                  "title": "",
                },
              },
              "ref": null,
              "rendered": null,
              "type": [Function],
            },
          ],
          "type": "ul",
        },
      ],
      "type": [Function],
    },
  ],
  Symbol(enzyme.__options__): Object {
    "adapter": ReactSixteenAdapter {
      "options": Object {
        "enableComponentDidUpdateOnSetState": true,
      },
    },
  },
}
`;
